// Jest Snapshot v1, https://goo.gl/fbAQLP

exports[`Close Modal Button should render the component properly 1`] = `ShallowWrapper {}`;
