// Jest Snapshot v1, https://goo.gl/fbAQLP

exports[`Float Label Input Basic Tests should match to snapshot test 1`] = `ShallowWrapper {}`;
