// Jest Snapshot v1, https://goo.gl/fbAQLP

exports[`Float Label Input with Icon should match the snapshot 1`] = `ShallowWrapper {}`;
