// Jest Snapshot v1, https://goo.gl/fbAQLP

exports[`Messages basic tests should render the warning message properly 1`] = `ShallowWrapper {}`;
