// Jest Snapshot v1, https://goo.gl/fbAQLP

exports[`Facebook Logo Basic Test should render Facebook Logo Component properly 1`] = `ShallowWrapper {}`;
