// Jest Snapshot v1, https://goo.gl/fbAQLP

exports[`Button Primary Default Tests should render the button components properly 1`] = `ShallowWrapper {}`;

exports[`Button Primary Default Tests should render the loading properly 1`] = `ShallowWrapper {}`;
