// Jest Snapshot v1, https://goo.gl/fbAQLP

exports[`Monkey Head Modal should render the component properly 1`] = `ShallowWrapper {}`;
