// Jest Snapshot v1, https://goo.gl/fbAQLP

exports[`Link Button Default Tests should render the link button component properly 1`] = `ShallowWrapper {}`;
