// Jest Snapshot v1, https://goo.gl/fbAQLP

exports[`Placeholder Input - Basic Tests should match the snapshot 1`] = `ShallowWrapper {}`;
